#-----------------------------------------------------------
# Vivado v2019.2 (64-bit)
# SW Build 2708876 on Wed Nov  6 21:40:23 MST 2019
# IP Build 2700528 on Thu Nov  7 00:09:20 MST 2019
# Start of session at: Mon Jul 20 22:01:35 2026
# Process ID: 45168
# Current directory: D:/loongarch_soc/nh3_soc_dma_touch_demo
# Command line: vivado.exe -mode batch -source scripts\run_lcd_touch_test.tcl
# Log file: D:/loongarch_soc/nh3_soc_dma_touch_demo/vivado.log
# Journal file: D:/loongarch_soc/nh3_soc_dma_touch_demo\vivado.jou
#-----------------------------------------------------------
CRITICAL WARNING: [Common 17-741] No write access right to the local Tcl store at 'C'. XilinxTclStore is reverted to the installation area. If you want to use local Tcl Store, please change the access right and relaunch Vivado.
source {scripts\run_lcd_touch_test.tcl}
# set script_dir [file dirname [file normalize [info script]]]
# set root_dir [file normalize [file join $script_dir ..]]
# set out_dir [file join $root_dir output lcd_touch_xsim]
# file mkdir $out_dir
# cd $out_dir
# exec xvlog -sv \
#     [file join $root_dir rtl display gt9147_touch.v] \
#     [file join $root_dir rtl display nh3_lcd_ui_renderer.v] \
#     [file join $root_dir rtl display nt35510_lcd_demo.v] \
#     [file join $root_dir sim tb_nh3_lcd_touch.sv]
# exec xelab tb_nh3_lcd_touch -s tb_nh3_lcd_touch_sim
# exec xsim tb_nh3_lcd_touch_sim -runall
INFO: [Common 17-206] Exiting Vivado at Mon Jul 20 22:01:50 2026...
