#-----------------------------------------------------------
# Vivado v2019.2 (64-bit)
# SW Build 2708876 on Wed Nov  6 21:40:23 MST 2019
# IP Build 2700528 on Thu Nov  7 00:09:20 MST 2019
# Start of session at: Mon Jul 20 21:13:22 2026
# Process ID: 13296
# Current directory: D:/loongarch_soc/nh3_soc_dma_touch_demo
# Command line: vivado.exe -mode batch -source scripts\create_project.tcl
# Log file: D:/loongarch_soc/nh3_soc_dma_touch_demo/vivado.log
# Journal file: D:/loongarch_soc/nh3_soc_dma_touch_demo\vivado.jou
#-----------------------------------------------------------
CRITICAL WARNING: [Common 17-741] No write access right to the local Tcl store at 'C'. XilinxTclStore is reverted to the installation area. If you want to use local Tcl Store, please change the access right and relaunch Vivado.
source {scripts\create_project.tcl}
# set script_dir [file dirname [file normalize [info script]]]
# set root_dir [file normalize [file join $script_dir ..]]
# set project_dir [file join $root_dir project]
# set project_name nh3_soc_dma_touch_demo
# set_param general.maxThreads 16
# file mkdir $project_dir
# create_project -force $project_name $project_dir -part xc7a200tfbg676-1
# set_property target_language Verilog [current_project]
# set_property simulator_language Mixed [current_project]
# set rtl_dir [file join $root_dir rtl]
# set source_files [list \
#     [file join $rtl_dir ip nh3 nh3_cnn_lstm_pkg.sv] \
#     [file join $rtl_dir ip nh3 nh3_cnn_lstm_core.sv] \
#     [file join $rtl_dir ip nh3 nh3_axi_slave.sv] \
#     [file join $rtl_dir ip Bus_interconnects AxiCrossbar_2x8.v] \
#     [file join $rtl_dir ip Bus_interconnects Axi_CDC.v] \
#     [file join $rtl_dir ip Bus_interconnects axi2sram_sp.v] \
#     [file join $rtl_dir ip APB_UART apb_mux2.v] \
#     [file join $rtl_dir ip APB_UART axi2apb.v] \
#     [file join $rtl_dir ip APB_UART axi_uart_controller.v] \
#     [file join $rtl_dir ip ram_wrap axi_wrap_ram_sp.v] \
#     [file join $rtl_dir ip ram_wrap fpga_sram_sp.v] \
#     [file join $rtl_dir ip ram_wrap cache_sram.v] \
#     [file join $rtl_dir ip confreg confreg.v] \
#     [file join $rtl_dir ip confreg digitaltube_controller.v] \
#     [file join $rtl_dir ip dma dma_master.v] \
#     [file join $rtl_dir ip dma dma_top.v] \
#     [file join $rtl_dir ip dma memreq_axi.v] \
#     [file join $rtl_dir ip DVI axi_dvi.v] \
#     [file join $rtl_dir ip matmul matmul_axi_slave.v] \
#     [file join $rtl_dir ip matmul matmul_batch_core.v] \
#     [file join $rtl_dir ip rst_sync rst_sync.v] \
#     [file join $rtl_dir ip stage3_pll stage3_clk_pll.v] \
# ]
# foreach f [lsort [glob -nocomplain [file join $rtl_dir ip open-la500 *.v]]] {
#     lappend source_files $f
# }
# foreach f [lsort [glob -nocomplain [file join $rtl_dir ip APB_UART URT *.v]]] {
#     lappend source_files $f
# }
# lappend source_files [file join $rtl_dir soc_top.v]
# lappend source_files [file join $rtl_dir display gt9147_touch.v]
# lappend source_files [file join $rtl_dir display nh3_lcd_ui_renderer.v]
# lappend source_files [file join $rtl_dir display nt35510_lcd_demo.v]
# lappend source_files [file join $rtl_dir nh3_demo_soc_top.v]
# add_files -norecurse $source_files
# set_property include_dirs [list \
#     $rtl_dir \
#     [file join $rtl_dir ip open-la500] \
#     [file join $rtl_dir ip APB_UART URT] \
#     [file join $rtl_dir ip nh3 mem] \
# ] [get_filesets sources_1]
# set_property top nh3_demo_soc_top [get_filesets sources_1]
# add_files -fileset constrs_1 -norecurse \
#     [file join $root_dir constraints experiment_box.xdc]
# add_files -fileset sim_1 -norecurse [file join $root_dir sim tb_nh3_demo_soc.sv]
# set_property top tb_nh3_demo_soc [get_filesets sim_1]
# set_property xsim.elaborate.debug_level typical [get_filesets sim_1]
# set_property strategy Flow_PerfOptimized_high [get_runs synth_1]
# set_property STEPS.SYNTH_DESIGN.ARGS.FLATTEN_HIERARCHY rebuilt [get_runs synth_1]
# set_property strategy Performance_Explore [get_runs impl_1]
# set_property STEPS.PHYS_OPT_DESIGN.IS_ENABLED true [get_runs impl_1]
# update_compile_order -fileset sources_1
# update_compile_order -fileset sim_1
# puts "PROJECT_CREATED=[file join $project_dir ${project_name}.xpr]"
PROJECT_CREATED=D:/loongarch_soc/nh3_soc_dma_touch_demo/project/nh3_soc_dma_touch_demo.xpr
# puts "FPGA_PART=[get_property PART [current_project]]"
FPGA_PART=xc7a200tfbg676-1
# close_project
INFO: [Common 17-206] Exiting Vivado at Mon Jul 20 21:13:30 2026...
